     1                                  global _start                      ; делаем метку метку _start видимой извне
     2                                   
     3                                  section .data                      ; секция данных
     4 00000000 48656C6C6F2C20776F-         message db  "Hello, world",10  ; строка для вывода на консоль
     4 00000009 726C640A           
     5                                      length  equ $ - message
     6                                   
     7                                  section .text                      ; объявление секции кода
     8                                  _start:                            ; точка входа в программу
     9 00000000 B801000000                  mov rax, 1                     ; 1 - номер системного вызова функции write
    10 00000005 BF01000000                  mov rdi, 1                     ; 1 - дескриптор файла стандартного вызова stdout
    11 0000000A 48BE-                       mov rsi, message               ; адрес строки для вывода
    11 0000000C [0000000000000000] 
    12 00000014 BA0D000000                  mov rdx, length                ; количество байтов
    13 00000019 0F05                        syscall                        ; выполняем системный вызов write
    14                                   
    15                                      ; Проверка результата (результат syscall -> rax)
    16 0000001B 4883F80D                    cmp rax, length                ; `rax - length` - установка флагов
    17 0000001F 7C0C                        jl _error                      ; выполняет переход, если rax < length (записаны не все байты)
    18                                  
    19                                      ; Успех -> exit(0)
    20 00000021 B83C000000                  mov rax, 60                    ; 60 - номер системного вызова exit
    21 00000026 BF00000000                  mov rdi, 0                     ; успешное завершение
    22 0000002B 0F05                        syscall                        ; выполняем системный вызов exit
    23                                  
    24                                  _error:
    25 0000002D B83C000000                  mov rax, 60                    ; 60 - номер системного вызова exit
    26 00000032 BF01000000                  mov rdi, 1                     ; код ошибки - 1
    27 00000037 0F05                        syscall                        ; выполняем системный вызов exit
